Schema synced
=== Build ===
vite v6.4.1 building for production...
transforming...
✓ 1650 modules transformed.
rendering chunks...
computing gzip size...
dist/index.html                     0.46 kB │ gzip:   0.30 kB
dist/assets/index-0HKTCRaf.css     54.26 kB │ gzip:   8.75 kB
dist/assets/index-DvBHHcXr.js   1,473.94 kB │ gzip: 254.39 kB │ map: 2,805.17 kB
✓ built in 2.24s

=== Deploy ===
​
Netlify Build                                                 
────────────────────────────────────────────────────────────────
​
❯ Version
  @netlify/build 35.8.8
​
❯ Flags
  accountId: 67db64f88522edc0da7e6ec8
  deployId: 69b78dbe55d43cda4069b09a
​
❯ Current directory
  /repo/apps/AirbnbClone
​
❯ Config file
  /repo/apps/AirbnbClone/netlify.toml
​
❯ Context
  production
​
build.command from netlify.toml                               
────────────────────────────────────────────────────────────────
​
$ npm run build

> airbnb-clone@1.0.0 build
> vite build

vite v6.4.1 building for production...
transforming...
✓ 1650 modules transformed.
rendering chunks...
computing gzip size...
dist/index.html                     0.46 kB │ gzip:   0.30 kB
dist/assets/index-0HKTCRaf.css     54.26 kB │ gzip:   8.75 kB
dist/assets/index-DvBHHcXr.js   1,473.94 kB │ gzip: 254.39 kB │ map: 2,805.17 kB
✓ built in 1.82s
​
(build.command completed in 2s)
​
Functions bundling                                            
────────────────────────────────────────────────────────────────
​
Packaging Functions from netlify/functions directory:
 - amenities.ts
 - auth.ts
 - bookings.ts
 - db.ts
 - favorites.ts
 - host-bookings.ts
 - host-listings.ts
 - host-stats.ts
 - properties.ts
 - property-images.ts
 - reviews.ts
 - users.ts
​
​
(Functions bundling completed in 758ms)

Deploying to Netlify
────────────────────────────────────────────────────────────────

Deploy path:        /repo/apps/AirbnbClone/dist
Functions path:     /repo/apps/AirbnbClone/netlify/functions
Configuration path: /repo/apps/AirbnbClone/netlify.toml

​
Netlify Build Complete                                        
────────────────────────────────────────────────────────────────
​
(Netlify Build completed in 19s)

🚀 Deploy complete
────────────────────────────────────────────────────────────────

  ╭──────────────────── ⬥  Production deploy is live ⬥  ─────────────────────╮
  │                                                                          │
  │   Deployed to production URL: https://magenta-jelly-44409b.netlify.app   │
  │                                                                          │
  │                            Unique deploy URL:                            │
  │    https://69b78dbe55d43cda4069b09a--magenta-jelly-44409b.netlify.app    │
  │                                                                          │
  ╰──────────────────────────────────────────────────────────────────────────╯

Build logs:         https://app.netlify.com/projects/magenta-jelly-44409b/deploys/69b78dbe55d43cda4069b09a
Function logs:      https://app.netlify.com/projects/magenta-jelly-44409b/logs/functions
Edge function Logs: https://app.netlify.com/projects/magenta-jelly-44409b/logs/edge-functions

