[2026-03-15T03:29:39.789Z] Committed: Look at the reference screenshots in apps/AirbnbClone/scr...
  apps/AirbnbClone/netlify/functions/bookings.ts +13/-0
  apps/AirbnbClone/netlify/functions/properties.ts +2/-2
  apps/AirbnbClone/package-lock.json +1/-0
  apps/AirbnbClone/src/components/BookingCard.tsx +257/-39
  apps/AirbnbClone/src/components/FavoriteButton.tsx +5/-3
  apps/AirbnbClone/src/components/ImageGallery.tsx +29/-37
  apps/AirbnbClone/src/components/PropertyCard.tsx +16/-20
  apps/AirbnbClone/src/components/PropertyHeader.tsx +18/-14
  apps/AirbnbClone/src/components/PropertyInfo.tsx +12/-33
  apps/AirbnbClone/src/components/SearchBar.tsx +40/-25
  apps/AirbnbClone/src/components/Sidebar.tsx +107/-111
  apps/AirbnbClone/src/index.css +102/-75
  apps/AirbnbClone/src/pages/PropertyDetail.tsx +20/-6
  logs/worker-app-building-jubjf9-1-2026-03-15T03-29-39-427Z.log +315/-0
  tasks/tasks-app-building-jubjf9.json +9/-0
[2026-03-15T03:29:41.147Z] Pushed 3ce1eb0e05 to feature/airbnb-clone
[2026-03-15T03:29:41.147Z] Task signaled <DONE>. Completing task.
[2026-03-15T03:29:41.148Z] Completed task: 0 subtask(s) (skill: )
[2026-03-15T03:29:41.148Z] Detach requested and all work complete. Exiting.
[2026-03-15T03:29:41.148Z] Shutting down.
