[2026-03-16T05:07:07.448Z] Committed: Dropdowns should have a background color and an outer mas...
  apps/LinearClone/AppRevisions.md +7/-0
  apps/LinearClone/src/components/BulkActions.tsx +3/-15
  apps/LinearClone/src/components/CreateIssueForm.tsx +2/-21
  apps/LinearClone/src/components/CreateProjectModal.tsx +2/-14
  apps/LinearClone/src/components/CycleDetail.tsx +18/-29
  apps/LinearClone/src/components/FiltersToolbar.tsx +3/-15
  apps/LinearClone/src/components/GroupBySort.tsx +3/-15
  apps/LinearClone/src/components/IssueHeader.tsx +4/-14
  apps/LinearClone/src/components/IssueRow.tsx +5/-15
  apps/LinearClone/src/components/IssueSidebar.tsx +3/-15
  apps/LinearClone/src/components/MemberActions.tsx +5/-15
  apps/LinearClone/src/components/ProjectFilters.tsx +3/-15
  apps/LinearClone/src/components/ProjectHeader.tsx +8/-30
  apps/LinearClone/src/components/ProjectIssuesTab.tsx +1/-0
  apps/LinearClone/src/components/TeamFilters.tsx +3/-15
  apps/LinearClone/src/components/WorkspaceSettings.tsx +4/-14
  apps/LinearClone/src/index.css +7/-0
  logs/worker-app-building-diiw9e-1-2026-03-16T05-07-07-124Z.log +506/-0
  tasks/tasks-app-building-diiw9e.json +9/-0
[2026-03-16T05:07:10.189Z] Pushed d427f2befe to feature/linear-clone
[2026-03-16T05:07:10.189Z] Task signaled <DONE>. Completing task.
[2026-03-16T05:07:10.190Z] Completed task: 0 subtask(s) (skill: )
[2026-03-16T05:07:10.191Z] Detach requested and all work complete. Exiting.
[2026-03-16T05:07:10.191Z] Shutting down.
