[2026-03-16T03:34:49.598Z] Committed: Finish the remaining tasks
  apps/LinearClone/package-lock.json +122/-57
  apps/LinearClone/playwright.config.ts +2/-2
  apps/LinearClone/scripts/dev-server.ts +1/-1
  apps/LinearClone/tests/create-cycle.spec.ts +3/-3
  apps/LinearClone/tests/create-issue-modal-actions-integration.spec.ts +5/-5
  apps/LinearClone/tests/cycle-list.spec.ts +4/-4
  apps/LinearClone/tests/group-by-sort-sort.spec.ts +1/-1
  apps/LinearClone/tests/inbox-list.spec.ts +1/-1
  apps/LinearClone/tests/issue-detail-activity-comments.spec.ts +4/-4
  apps/LinearClone/tests/issue-detail-sidebar-fields.spec.ts +2/-2
  apps/LinearClone/tests/issue-detail-sub-issues.spec.ts +1/-1
  apps/LinearClone/tests/keyboard-shortcuts.spec.ts +1/-1
  apps/LinearClone/tests/labels-create.spec.ts +3/-3
  apps/LinearClone/tests/labels-edit.spec.ts +1/-1
  apps/LinearClone/tests/labels-list.spec.ts +1/-1
  apps/LinearClone/tests/login.spec.ts +2/-2
  apps/LinearClone/tests/notification-row.spec.ts +3/-3
  apps/LinearClone/tests/project-card.spec.ts +1/-1
  apps/LinearClone/tests/project-header.spec.ts +1/-1
  apps/LinearClone/tests/project-issues-bulk.spec.ts +2/-2
  apps/LinearClone/tests/project-overview-milestones.spec.ts +1/-1
  apps/LinearClone/tests/projects-create-modal.spec.ts +1/-1
  apps/LinearClone/tests/projects-page-filters.spec.ts +4/-4
  apps/LinearClone/tests/settings-page.spec.ts +1/-1
  apps/LinearClone/tests/sidebar-collapse.spec.ts +1/-1
  apps/LinearClone/tests/sidebar-navigation.spec.ts +1/-1
  apps/LinearClone/tests/sidebar.spec.ts +2/-2
  apps/LinearClone/tests/signup.spec.ts +2/-2
  apps/LinearClone/tests/team-settings.spec.ts +1/-1
  apps/LinearClone/tests/teams-page.spec.ts +1/-1
  logs/worker-app-building-i93wz4-1-2026-03-16T03-34-49-214Z.log +487/-0
  tasks/tasks-app-building-i93wz4.json +9/-0
[2026-03-16T03:34:52.023Z] Pushed 993ae45c9e to feature/linear-clone
[2026-03-16T03:34:52.024Z] Task signaled <DONE>. Completing task.
[2026-03-16T03:34:52.024Z] Completed task: 0 subtask(s) (skill: )
[2026-03-16T03:34:52.025Z] Detach requested and all work complete. Exiting.
[2026-03-16T03:34:52.025Z] Shutting down.
